// Jest Snapshot v1, https://goo.gl/fbAQLP

exports[`Check snapshot 1`] = `
ShallowWrapper {
  Symbol(enzyme.__root__): [Circular],
  Symbol(enzyme.__unrendered__): <ProductList
    onProductBuy={
      [MockFunction] {
        "calls": Array [
          Array [
            134,
          ],
          Array [
            134,
          ],
        ],
        "results": Array [
          Object {
            "isThrow": false,
            "value": undefined,
          },
          Object {
            "isThrow": false,
            "value": undefined,
          },
        ],
      }
    }
    products={
      Array [
        Object {
          "id": 134,
          "name": "computer",
          "price": 1000,
        },
        Object {
          "id": 122,
          "name": "anker mouse",
          "price": 50.25,
        },
        Object {
          "id": 553,
          "name": "computer stand",
          "price": 20.99,
        },
        Object {
          "id": 689,
          "name": "mac adapter",
          "price": 10000,
        },
      ]
    }
  />,
  Symbol(enzyme.__renderer__): Object {
    "batchedUpdates": [Function],
    "checkPropTypes": [Function],
    "getNode": [Function],
    "render": [Function],
    "simulateError": [Function],
    "simulateEvent": [Function],
    "unmount": [Function],
  },
  Symbol(enzyme.__node__): Object {
    "instance": null,
    "key": undefined,
    "nodeType": "host",
    "props": Object {
      "children": Array [
        <li
          className="product-item"
        >
          computer
           : $
          1000
           USD
          <button
            onClick={[Function]}
          >
            Add to Card
          </button>
          <h1>
            Hello
          </h1>
        </li>,
        <li
          className="product-item"
        >
          anker mouse
           : $
          50.25
           USD
          <button
            onClick={[Function]}
          >
            Add to Card
          </button>
          <h1>
            Hello
          </h1>
        </li>,
        <li
          className="product-item"
        >
          computer stand
           : $
          20.99
           USD
          <button
            onClick={[Function]}
          >
            Add to Card
          </button>
          <h1>
            Hello
          </h1>
        </li>,
        <li
          className="product-item"
        >
          mac adapter
           : $
          10000
           USD
          <button
            onClick={[Function]}
          >
            Add to Card
          </button>
          <h1>
            Hello
          </h1>
        </li>,
      ],
    },
    "ref": null,
    "rendered": Array [
      Object {
        "instance": null,
        "key": "134",
        "nodeType": "host",
        "props": Object {
          "children": Array [
            "computer",
            " : $",
            1000,
            " USD",
            <button
              onClick={[Function]}
            >
              Add to Card
            </button>,
            <h1>
              Hello
            </h1>,
          ],
          "className": "product-item",
        },
        "ref": null,
        "rendered": Array [
          "computer",
          " : $",
          1000,
          " USD",
          Object {
            "instance": null,
            "key": undefined,
            "nodeType": "host",
            "props": Object {
              "children": "Add to Card",
              "onClick": [Function],
            },
            "ref": null,
            "rendered": "Add to Card",
            "type": "button",
          },
          Object {
            "instance": null,
            "key": undefined,
            "nodeType": "host",
            "props": Object {
              "children": "Hello",
            },
            "ref": null,
            "rendered": "Hello",
            "type": "h1",
          },
        ],
        "type": "li",
      },
      Object {
        "instance": null,
        "key": "122",
        "nodeType": "host",
        "props": Object {
          "children": Array [
            "anker mouse",
            " : $",
            50.25,
            " USD",
            <button
              onClick={[Function]}
            >
              Add to Card
            </button>,
            <h1>
              Hello
            </h1>,
          ],
          "className": "product-item",
        },
        "ref": null,
        "rendered": Array [
          "anker mouse",
          " : $",
          50.25,
          " USD",
          Object {
            "instance": null,
            "key": undefined,
            "nodeType": "host",
            "props": Object {
              "children": "Add to Card",
              "onClick": [Function],
            },
            "ref": null,
            "rendered": "Add to Card",
            "type": "button",
          },
          Object {
            "instance": null,
            "key": undefined,
            "nodeType": "host",
            "props": Object {
              "children": "Hello",
            },
            "ref": null,
            "rendered": "Hello",
            "type": "h1",
          },
        ],
        "type": "li",
      },
      Object {
        "instance": null,
        "key": "553",
        "nodeType": "host",
        "props": Object {
          "children": Array [
            "computer stand",
            " : $",
            20.99,
            " USD",
            <button
              onClick={[Function]}
            >
              Add to Card
            </button>,
            <h1>
              Hello
            </h1>,
          ],
          "className": "product-item",
        },
        "ref": null,
        "rendered": Array [
          "computer stand",
          " : $",
          20.99,
          " USD",
          Object {
            "instance": null,
            "key": undefined,
            "nodeType": "host",
            "props": Object {
              "children": "Add to Card",
              "onClick": [Function],
            },
            "ref": null,
            "rendered": "Add to Card",
            "type": "button",
          },
          Object {
            "instance": null,
            "key": undefined,
            "nodeType": "host",
            "props": Object {
              "children": "Hello",
            },
            "ref": null,
            "rendered": "Hello",
            "type": "h1",
          },
        ],
        "type": "li",
      },
      Object {
        "instance": null,
        "key": "689",
        "nodeType": "host",
        "props": Object {
          "children": Array [
            "mac adapter",
            " : $",
            10000,
            " USD",
            <button
              onClick={[Function]}
            >
              Add to Card
            </button>,
            <h1>
              Hello
            </h1>,
          ],
          "className": "product-item",
        },
        "ref": null,
        "rendered": Array [
          "mac adapter",
          " : $",
          10000,
          " USD",
          Object {
            "instance": null,
            "key": undefined,
            "nodeType": "host",
            "props": Object {
              "children": "Add to Card",
              "onClick": [Function],
            },
            "ref": null,
            "rendered": "Add to Card",
            "type": "button",
          },
          Object {
            "instance": null,
            "key": undefined,
            "nodeType": "host",
            "props": Object {
              "children": "Hello",
            },
            "ref": null,
            "rendered": "Hello",
            "type": "h1",
          },
        ],
        "type": "li",
      },
    ],
    "type": "div",
  },
  Symbol(enzyme.__nodes__): Array [
    Object {
      "instance": null,
      "key": undefined,
      "nodeType": "host",
      "props": Object {
        "children": Array [
          <li
            className="product-item"
          >
            computer
             : $
            1000
             USD
            <button
              onClick={[Function]}
            >
              Add to Card
            </button>
            <h1>
              Hello
            </h1>
          </li>,
          <li
            className="product-item"
          >
            anker mouse
             : $
            50.25
             USD
            <button
              onClick={[Function]}
            >
              Add to Card
            </button>
            <h1>
              Hello
            </h1>
          </li>,
          <li
            className="product-item"
          >
            computer stand
             : $
            20.99
             USD
            <button
              onClick={[Function]}
            >
              Add to Card
            </button>
            <h1>
              Hello
            </h1>
          </li>,
          <li
            className="product-item"
          >
            mac adapter
             : $
            10000
             USD
            <button
              onClick={[Function]}
            >
              Add to Card
            </button>
            <h1>
              Hello
            </h1>
          </li>,
        ],
      },
      "ref": null,
      "rendered": Array [
        Object {
          "instance": null,
          "key": "134",
          "nodeType": "host",
          "props": Object {
            "children": Array [
              "computer",
              " : $",
              1000,
              " USD",
              <button
                onClick={[Function]}
              >
                Add to Card
              </button>,
              <h1>
                Hello
              </h1>,
            ],
            "className": "product-item",
          },
          "ref": null,
          "rendered": Array [
            "computer",
            " : $",
            1000,
            " USD",
            Object {
              "instance": null,
              "key": undefined,
              "nodeType": "host",
              "props": Object {
                "children": "Add to Card",
                "onClick": [Function],
              },
              "ref": null,
              "rendered": "Add to Card",
              "type": "button",
            },
            Object {
              "instance": null,
              "key": undefined,
              "nodeType": "host",
              "props": Object {
                "children": "Hello",
              },
              "ref": null,
              "rendered": "Hello",
              "type": "h1",
            },
          ],
          "type": "li",
        },
        Object {
          "instance": null,
          "key": "122",
          "nodeType": "host",
          "props": Object {
            "children": Array [
              "anker mouse",
              " : $",
              50.25,
              " USD",
              <button
                onClick={[Function]}
              >
                Add to Card
              </button>,
              <h1>
                Hello
              </h1>,
            ],
            "className": "product-item",
          },
          "ref": null,
          "rendered": Array [
            "anker mouse",
            " : $",
            50.25,
            " USD",
            Object {
              "instance": null,
              "key": undefined,
              "nodeType": "host",
              "props": Object {
                "children": "Add to Card",
                "onClick": [Function],
              },
              "ref": null,
              "rendered": "Add to Card",
              "type": "button",
            },
            Object {
              "instance": null,
              "key": undefined,
              "nodeType": "host",
              "props": Object {
                "children": "Hello",
              },
              "ref": null,
              "rendered": "Hello",
              "type": "h1",
            },
          ],
          "type": "li",
        },
        Object {
          "instance": null,
          "key": "553",
          "nodeType": "host",
          "props": Object {
            "children": Array [
              "computer stand",
              " : $",
              20.99,
              " USD",
              <button
                onClick={[Function]}
              >
                Add to Card
              </button>,
              <h1>
                Hello
              </h1>,
            ],
            "className": "product-item",
          },
          "ref": null,
          "rendered": Array [
            "computer stand",
            " : $",
            20.99,
            " USD",
            Object {
              "instance": null,
              "key": undefined,
              "nodeType": "host",
              "props": Object {
                "children": "Add to Card",
                "onClick": [Function],
              },
              "ref": null,
              "rendered": "Add to Card",
              "type": "button",
            },
            Object {
              "instance": null,
              "key": undefined,
              "nodeType": "host",
              "props": Object {
                "children": "Hello",
              },
              "ref": null,
              "rendered": "Hello",
              "type": "h1",
            },
          ],
          "type": "li",
        },
        Object {
          "instance": null,
          "key": "689",
          "nodeType": "host",
          "props": Object {
            "children": Array [
              "mac adapter",
              " : $",
              10000,
              " USD",
              <button
                onClick={[Function]}
              >
                Add to Card
              </button>,
              <h1>
                Hello
              </h1>,
            ],
            "className": "product-item",
          },
          "ref": null,
          "rendered": Array [
            "mac adapter",
            " : $",
            10000,
            " USD",
            Object {
              "instance": null,
              "key": undefined,
              "nodeType": "host",
              "props": Object {
                "children": "Add to Card",
                "onClick": [Function],
              },
              "ref": null,
              "rendered": "Add to Card",
              "type": "button",
            },
            Object {
              "instance": null,
              "key": undefined,
              "nodeType": "host",
              "props": Object {
                "children": "Hello",
              },
              "ref": null,
              "rendered": "Hello",
              "type": "h1",
            },
          ],
          "type": "li",
        },
      ],
      "type": "div",
    },
  ],
  Symbol(enzyme.__options__): Object {
    "adapter": ReactSixteenAdapter {
      "options": Object {
        "enableComponentDidUpdateOnSetState": true,
        "legacyContextMode": "parent",
        "lifecycles": Object {
          "componentDidUpdate": Object {
            "onSetState": true,
          },
          "getChildContext": Object {
            "calledByRenderer": false,
          },
          "getDerivedStateFromProps": Object {
            "hasShouldComponentUpdateBug": false,
          },
          "getSnapshotBeforeUpdate": true,
          "setState": Object {
            "skipsComponentDidUpdateOnNullish": true,
          },
        },
      },
    },
  },
}
`;
